******************************************************************************
                  TI ARM Linker PC v5.1.0                      
******************************************************************************
>> Linked Mon Aug 12 11:22:48 2013

OUTPUT FILE NAME:   <boot_spi.out>
ENTRY POINT SYMBOL: "_c_int00"  address: 00002480


MEMORY CONFIGURATION

         name            origin    length      used     unused   attr    fill
----------------------  --------  ---------  --------  --------  ----  --------
  VECTORS               00000000   00000020  00000020  00000000     X
  FLASH_API             00000020   000014e0  0000104a  00000496  R  X
  FLASH0                00001500   002feb00  00002830  002fc2d0  R  X
  STACK                 08000000   00002000  00000000  00002000  RW  
  SRAM                  08002000   0002d000  000011e4  0002be1c  RW  


SEGMENT ALLOCATION MAP

run origin  load origin   length   init length attrs members
----------  ----------- ---------- ----------- ----- -------
00000000    00000000    00000020   00000020    r-x
  00000000    00000000    00000020   00000020    r-x .intvecs
00001500    00001500    00002830   00002830    r-x
  00001500    00001500    0000248c   0000248c    r-x .text
  0000398c    0000398c    0000035c   0000035c    r-- .const
  00003ce8    00003ce8    00000048   00000048    r-- .cinit
08002000    00000020    0000104a   0000104a    r-x
  08002000    00000020    0000104a   0000104a    r-x flashAPI
0800304c    0800304c    0000019d   00000000    rw-
  0800304c    0800304c    00000155   00000000    rw- .bss
  080031a4    080031a4    00000045   00000000    rw- .data


SECTION ALLOCATION MAP

 output                                  attributes/
section   page    origin      length       input sections
--------  ----  ----------  ----------   ----------------
.intvecs   0    00000000    00000020     
                  00000000    00000020     sys_intvecs.obj (.intvecs)

flashAPI   0    00000020    0000104a     RUN ADDR = 08002000
                  00000020    00000068     Fapi_UserDefinedFunctions.obj (.text)
                  00000088    00000810     bl_flash.obj (.text)
                  00000898    0000025c     F021_API_CortexR4_BE.lib : FlashStateMachine.InitializeFlashBanks.obj (.text:Fapi_initializeFlashBanks)
                  00000af4    00000178                              : FlashStateMachine.SetActiveBank.obj (.text:Fapi_setActiveFlashBank)
                  00000c6c    00000174                              : Program.obj (.text:Fapi_issueProgrammingCommand)
                  00000de0    0000007c                              : Read.Common.obj (.text:_Fapi_enterMarginMode)
                  00000e5c    0000004c                              : FlashStateMachine.EnableMainSectors.obj (.text:Fapi_enableMainBankSectors)
                  00000ea8    00000040                              : Read.MarginByByte.obj (.text:Fapi_doMarginReadByByte)
                  00000ee8    0000003c                              : FlashStateMachine.IssueFsmCommand.obj (.text:_Fapi_issueFsmCommand)
                  00000f24    00000030                              : Async.WithAddress.obj (.text:Fapi_issueAsyncCommandWithAddress)
                  00000f54    00000030                              : Utilities.WaitDelay.obj (.text:Fapi_waitDelay)
                  00000f84    00000030                              : Read.Common.obj (.text:_Fapi_exitMarginMode)
                  00000fb4    0000002c                              : Utilities.CalculateFletcher.obj (.text:Fapi_calculateFletcherChecksum)
                  00000fe0    00000022                              : Read.FlushPipeline.obj (.text:Fapi_flushPipeline)
                  00001002    0000001c                              : FlashStateMachine.InitializeFlashBanks.obj (.text:_Fapi_divideUnsignedLong)
                  0000101e    00000002     --HOLE-- [fill = 0]
                  00001020    00000014                              : Utilities.CalculateEcc.obj (.text:Fapi_calculateEcc)
                  00001034    00000010                              : FlashStateMachine.ScaleFclk.obj (.text:_scaleEEFclk)
                  00001044    00000010                              : FlashStateMachine.ScaleFclk.obj (.text:_scaleMainFclk)
                  00001054    0000000c                              : Read.WdService.obj (.text:_Fapi_checkWdService)
                  00001060    0000000a     Fapi_UserDefinedFunctions.obj (.tramp.Fapi_serviceWatchdogTimer.1)

.text      0    00001500    0000248c     
                  00001500    0000060c     bl_spi.obj (.text)
                  00001b0c    00000504     hw_sci.obj (.text)
                  00002010    00000470     hw_spi.obj (.text)
                  00002480    000002e0     sys_startup.obj (.text:retain)
                  00002760    000002e0     system.obj (.text)
                  00002a40    00000288     sys_core.obj (.text)
                  00002cc8    00000228     bl_spi_packet.obj (.text)
                  00002ef0    000001b6     rtsv7R4_T_be_eabi.lib : fd_add_t2.obj (.text)
                  000030a6    00000136                           : fd_div_t2.obj (.text)
                  000031dc    00000130     hw_esm.obj (.text:retain)
                  0000330c    00000120     bl_main.obj (.text)
                  0000342c    00000110     sci_common.obj (.text)
                  0000353c    000000ec     bl_check.obj (.text)
                  00003628    000000dc     bl_led_demo.obj (.text)
                  00003704    0000009c     rtsv7R4_T_be_eabi.lib : memcpy_t2.obj (.text)
                  000037a0    00000060                           : copy_decompress_rle.obj (.text)
                  00003800    00000048                           : cpy_tbl.obj (.text)
                  00003848    00000044                           : exit.obj (.text)
                  0000388c    00000042                           : fd_tou_t2.obj (.text)
                  000038ce    00000002     --HOLE-- [fill = 0]
                  000038d0    00000020     notification.obj (.text)
                  000038f0    00000020     rtsv7R4_T_be_eabi.lib : u_tofd_t2.obj (.text)
                  00003910    00000014                           : _lock.obj (.text)
                  00003924    00000012                           : copy_zero_init.obj (.text:decompress:ZI)
                  00003936    0000000e                           : copy_decompress_none.obj (.text:decompress:none)
                  00003944    00000006                           : copy_decompress_rle.obj (.text:decompress:rle24)
                  0000394a    00000002     --HOLE-- [fill = 0]
                  0000394c    00000004     sys_phantom.obj (.text:retain)
                  00003950    0000000c     bl_flash.obj (.tramp.Fapi_UpdateStatusProgram.1)
                  0000395c    0000000c     bl_flash.obj (.tramp.Fapi_BlockProgram.1)
                  00003968    0000000c     bl_flash.obj (.tramp.Fapi_BlockErase.1)
                  00003974    0000000c     bl_flash.obj (.tramp.BLInternalFlashStartAddrCheck.1)
                  00003980    0000000c     bl_flash.obj (.tramp.BLInternalFlashFirstSectorSizeGet.1)

.const     0    0000398c    0000035c     
                  0000398c    00000204     sys_startup.obj (.const:s_vim_init)
                  00003b90    00000140     bl_flash.obj (.const:flash_sector)
                  00003cd0    00000014     bl_flash.obj (.const)
                  00003ce4    00000004     bl_spi_packet.obj (.const:.string)

.cinit     0    00003ce8    00000048     
                  00003ce8    00000020     (.cinit..data.load) [load image, compression = rle]
                  00003d08    0000000c     (__TI_handler_table)
                  00003d14    00000004     --HOLE-- [fill = 0]
                  00003d18    00000008     (.cinit..bss.load) [load image, compression = zero_init]
                  00003d20    00000010     (__TI_cinit_table)

.bss       0    0800304c    00000155     UNINITIALIZED
                  0800304c    00000100     bl_main.obj (.bss:g_pulDataBuffer)
                  0800314c    00000018     (.common:g_sciTransfer)
                  08003164    00000018     (.common:g_spiPacket)
                  0800317c    00000010     (.common:g_spiDataFormat)
                  0800318c    00000004     (.common:delayval$1)
                  08003190    00000004     (.common:g_pucDataBuffer)
                  08003194    00000004     (.common:g_ulForced)
                  08003198    00000004     (.common:g_ulTransferAddress)
                  0800319c    00000004     (.common:g_ulTransferSize)
                  080031a0    00000001     (.common:g_ucStatus)

.data      0    080031a4    00000045     UNINITIALIZED
                  080031a4    0000002c     bl_main.obj (.data)
                  080031d0    00000008     F021_API_CortexR4_BE.lib : FlashStateMachine.ScaleFclk.obj (.data)
                  080031d8    00000008     rtsv7R4_T_be_eabi.lib : _lock.obj (.data)
                  080031e0    00000008                           : exit.obj (.data)
                  080031e8    00000001     F021_API_CortexR4_BE.lib : FlashStateMachine.SetActiveBank.obj (.data)


LINKER GENERATED COPY TABLES

__TI_cinit_table @ 00003d20 records: 2, size/record: 8, table size: 16
	.data: load addr=00003ce8, load size=00000020 bytes, run addr=080031a4, run size=00000045 bytes, compression=rle
	.bss: load addr=00003d18, load size=00000008 bytes, run addr=0800304c, run size=00000155 bytes, compression=zero_init


LINKER GENERATED HANDLER TABLE

__TI_handler_table @ 00003d08 records: 3, size/record: 4, table size: 12
	index: 0, handler: __TI_decompress_rle24
	index: 1, handler: __TI_decompress_none
	index: 2, handler: __TI_zero_init

VENEERS

callee name               veneer name
   callee addr  veneer addr  call addr  call info
--------------  -----------  ---------  ----------------
Fapi_serviceWatchdogTimer  $Ven$TA$L$PI$$Fapi_serviceWatchdogTimer
   08002000     08003040     0800303a   F021_API_CortexR4_BE.lib : Read.WdService.obj (.text:_Fapi_checkWdService)

[1 trampolines]
[1 trampoline calls]


FAR CALL TRAMPOLINES

callee name               trampoline name
   callee addr  tramp addr   call addr  call info
--------------  -----------  ---------  ----------------
Fapi_UpdateStatusProgram  $Tramp$AA$L$PI$$Fapi_UpdateStatusProgram
   08002650     00003950     00001a10   bl_spi.obj (.text)
Fapi_BlockProgram         $Tramp$AA$L$PI$$Fapi_BlockProgram
   08002480     0000395c     0000195c   bl_spi.obj (.text)
Fapi_BlockErase           $Tramp$AA$L$PI$$Fapi_BlockErase
   08002194     00003968     00001774   bl_spi.obj (.text)
                             000018f4   bl_spi.obj (.text)
BLInternalFlashStartAddrCheck  $Tramp$AA$L$PI$$BLInternalFlashStartAddrCheck
   080020b8     00003974     00001724   bl_spi.obj (.text)
BLInternalFlashFirstSectorSizeGet  $Tramp$AA$L$PI$$BLInternalFlashFirstSectorSizeGet
   08002068     00003980     000015cc   bl_spi.obj (.text)

[5 trampolines]
[6 trampoline calls]


GLOBAL SYMBOLS: SORTED ALPHABETICALLY BY Name 

address    name
--------   ----
00002d2c   AckPacket
08002068   BLInternalFlashFirstSectorSizeGet
08002090   BLInternalFlashSizeGet
080020b8   BLInternalFlashStartAddrCheck
00003849   C$$EXIT
000035bc   CheckForceUpdate
0000353c   CheckGPIOForceUpdate
00002cc8   CheckSum
000033ac   ConfigureSPIDevice
000033bc   ConfigureUartDevice
08002194   Fapi_BlockErase
08002480   Fapi_BlockProgram
080027b8   Fapi_BlockRead
08002650   Fapi_UpdateStatusProgram
08003001   Fapi_calculateEcc
08002f95   Fapi_calculateFletcherChecksum
08002e89   Fapi_doMarginReadByByte
08002e3d   Fapi_enableMainBankSectors
08002fc1   Fapi_flushPipeline
08002879   Fapi_initializeFlashBanks
08002f05   Fapi_issueAsyncCommandWithAddress
08002c4d   Fapi_issueProgrammingCommand
08002000   Fapi_serviceWatchdogTimer
08002ad5   Fapi_setActiveFlashBank
08002034   Fapi_setupBankSectorEnable
08002008   Fapi_setupEepromSectorEnable
08002f35   Fapi_waitDelay
0800276c   Flash_Erase_Check
08002714   Flash_Program_Check
00002d48   NakPacket
00002d64   ReceivePacket
UNDEFED    SHT$$INIT_ARRAY$$Base
UNDEFED    SHT$$INIT_ARRAY$$Limit
00001554   SPIReceive
00001500   SPISend
00002e30   SendPacket
0000350c   UART_putChar
000034cc   UART_putString
0000342c   UART_send32BitData
000015a8   UpdaterSPI
08003035   _Fapi_checkWdService
08002dc1   _Fapi_enterMarginMode
08002f65   _Fapi_exitMarginMode
08002ec9   _Fapi_issueFsmCommand
00003d20   __TI_CINIT_Base
00003d30   __TI_CINIT_Limit
00003d08   __TI_Handler_Table_Base
00003d14   __TI_Handler_Table_Limit
00002cc0   __TI_PINIT_Base
00002cc4   __TI_PINIT_Limit
080031e0   __TI_cleanup_ptr
00003937   __TI_decompress_none
00003945   __TI_decompress_rle24
080031e4   __TI_dtors_ptr
00000000   __TI_static_base__
00003925   __TI_zero_init
0000388d   __aeabi_d2uiz
00002efb   __aeabi_dadd
000030a7   __aeabi_ddiv
00002ef1   __aeabi_dsub
00003705   __aeabi_memcpy
00003705   __aeabi_memcpy4
00003705   __aeabi_memcpy8
000038f1   __aeabi_ui2d
ffffffff   __binit__
ffffffff   __c_args__
00002480   _c_int00
00002aec   _copyAPI2RAM_
00002b84   _coreDisableEventBusExport_
00002be8   _coreDisableFlashEcc_
00002bb4   _coreDisableRamEcc_
00002b6c   _coreEnableEventBusExport_
00002bcc   _coreEnableFlashEcc_
00002c00   _coreEnableIrqVicOffset_
00002b9c   _coreEnableRamEcc_
00002b68   _coreEnableVfp_
00002a40   _coreInitRegisters_
00002b1c   _coreInitStackPointer_
00002c20   _disable_FIQ_interrupt_
00002c28   _disable_IRQ_interrupt_
00002c18   _disable_interrupt_
00002c30   _enable_interrupt_
00002c38   _esmCcmErrorsClear_
080031d8   _lock
0000391f   _nop
00003917   _register_lock
00003911   _register_unlock
08003015   _scaleEEFclk
08003025   _scaleMainFclk
080031dc   _unlock
0000384d   abort
00000020   api_load
08002000   api_run
0000104a   api_size
ffffffff   binit
00003801   copy_in
0000330c   delay
000038d0   esmGroup1Notification
000038e0   esmGroup2Notification
000031dc   esmHighInterrupt
00003855   exit
00003cd0   flash_bank
00003b90   flash_sector
08003190   g_pucDataBuffer
0800304c   g_pulDataBuffer
080031a4   g_pulUpdateSuccess
0800314c   g_sciTransfer
0800317c   g_spiDataFormat
08003164   g_spiPacket
080031a0   g_ucStatus
08003194   g_ulForced
08003198   g_ulTransferAddress
0800319c   g_ulTransferSize
080031cc   g_ulUpdateBufferSize
080031c4   g_ulUpdateStatusAddr
080031c8   g_ulVectorTable
0000334c   main
00002874   mapClocks
00003705   memcpy
0000281c   periphInit
0000394c   phantomInterrupt
00003628   run_LED_StartUp
00001b0c   sciInit
00001e60   sciIsRxReady
00001d00   sciIsTxReady
00001ee4   sciReceive
00001eac   sciReceiveByte
00001e7c   sciRxError
00001d4c   sciSend
00001d1c   sciSendByte
00001c74   sciSetBaudrate
00001c54   sciSetFunctional
000027dc   setupFlash
00002760   setupPLL
000021cc   spiGetData
00002010   spiInit
0000212c   spiReceiveData
00002398   spiSendData
0000210c   spiSetFunctional
000022f0   spiTransmitData
0000294c   systemInit
000029bc   systemPowerDown
00002794   trimLPO


GLOBAL SYMBOLS: SORTED BY Symbol Address 

address    name
--------   ----
00000000   __TI_static_base__
00000020   api_load
0000104a   api_size
00001500   SPISend
00001554   SPIReceive
000015a8   UpdaterSPI
00001b0c   sciInit
00001c54   sciSetFunctional
00001c74   sciSetBaudrate
00001d00   sciIsTxReady
00001d1c   sciSendByte
00001d4c   sciSend
00001e60   sciIsRxReady
00001e7c   sciRxError
00001eac   sciReceiveByte
00001ee4   sciReceive
00002010   spiInit
0000210c   spiSetFunctional
0000212c   spiReceiveData
000021cc   spiGetData
000022f0   spiTransmitData
00002398   spiSendData
00002480   _c_int00
00002760   setupPLL
00002794   trimLPO
000027dc   setupFlash
0000281c   periphInit
00002874   mapClocks
0000294c   systemInit
000029bc   systemPowerDown
00002a40   _coreInitRegisters_
00002aec   _copyAPI2RAM_
00002b1c   _coreInitStackPointer_
00002b68   _coreEnableVfp_
00002b6c   _coreEnableEventBusExport_
00002b84   _coreDisableEventBusExport_
00002b9c   _coreEnableRamEcc_
00002bb4   _coreDisableRamEcc_
00002bcc   _coreEnableFlashEcc_
00002be8   _coreDisableFlashEcc_
00002c00   _coreEnableIrqVicOffset_
00002c18   _disable_interrupt_
00002c20   _disable_FIQ_interrupt_
00002c28   _disable_IRQ_interrupt_
00002c30   _enable_interrupt_
00002c38   _esmCcmErrorsClear_
00002cc0   __TI_PINIT_Base
00002cc4   __TI_PINIT_Limit
00002cc8   CheckSum
00002d2c   AckPacket
00002d48   NakPacket
00002d64   ReceivePacket
00002e30   SendPacket
00002ef1   __aeabi_dsub
00002efb   __aeabi_dadd
000030a7   __aeabi_ddiv
000031dc   esmHighInterrupt
0000330c   delay
0000334c   main
000033ac   ConfigureSPIDevice
000033bc   ConfigureUartDevice
0000342c   UART_send32BitData
000034cc   UART_putString
0000350c   UART_putChar
0000353c   CheckGPIOForceUpdate
000035bc   CheckForceUpdate
00003628   run_LED_StartUp
00003705   __aeabi_memcpy
00003705   __aeabi_memcpy4
00003705   __aeabi_memcpy8
00003705   memcpy
00003801   copy_in
00003849   C$$EXIT
0000384d   abort
00003855   exit
0000388d   __aeabi_d2uiz
000038d0   esmGroup1Notification
000038e0   esmGroup2Notification
000038f1   __aeabi_ui2d
00003911   _register_unlock
00003917   _register_lock
0000391f   _nop
00003925   __TI_zero_init
00003937   __TI_decompress_none
00003945   __TI_decompress_rle24
0000394c   phantomInterrupt
00003b90   flash_sector
00003cd0   flash_bank
00003d08   __TI_Handler_Table_Base
00003d14   __TI_Handler_Table_Limit
00003d20   __TI_CINIT_Base
00003d30   __TI_CINIT_Limit
08002000   Fapi_serviceWatchdogTimer
08002000   api_run
08002008   Fapi_setupEepromSectorEnable
08002034   Fapi_setupBankSectorEnable
08002068   BLInternalFlashFirstSectorSizeGet
08002090   BLInternalFlashSizeGet
080020b8   BLInternalFlashStartAddrCheck
08002194   Fapi_BlockErase
08002480   Fapi_BlockProgram
08002650   Fapi_UpdateStatusProgram
08002714   Flash_Program_Check
0800276c   Flash_Erase_Check
080027b8   Fapi_BlockRead
08002879   Fapi_initializeFlashBanks
08002ad5   Fapi_setActiveFlashBank
08002c4d   Fapi_issueProgrammingCommand
08002dc1   _Fapi_enterMarginMode
08002e3d   Fapi_enableMainBankSectors
08002e89   Fapi_doMarginReadByByte
08002ec9   _Fapi_issueFsmCommand
08002f05   Fapi_issueAsyncCommandWithAddress
08002f35   Fapi_waitDelay
08002f65   _Fapi_exitMarginMode
08002f95   Fapi_calculateFletcherChecksum
08002fc1   Fapi_flushPipeline
08003001   Fapi_calculateEcc
08003015   _scaleEEFclk
08003025   _scaleMainFclk
08003035   _Fapi_checkWdService
0800304c   g_pulDataBuffer
0800314c   g_sciTransfer
08003164   g_spiPacket
0800317c   g_spiDataFormat
08003190   g_pucDataBuffer
08003194   g_ulForced
08003198   g_ulTransferAddress
0800319c   g_ulTransferSize
080031a0   g_ucStatus
080031a4   g_pulUpdateSuccess
080031c4   g_ulUpdateStatusAddr
080031c8   g_ulVectorTable
080031cc   g_ulUpdateBufferSize
080031d8   _lock
080031dc   _unlock
080031e0   __TI_cleanup_ptr
080031e4   __TI_dtors_ptr
ffffffff   __binit__
ffffffff   __c_args__
ffffffff   binit
UNDEFED    SHT$$INIT_ARRAY$$Base
UNDEFED    SHT$$INIT_ARRAY$$Limit

[143 symbols]
